make: Entering directory '/workspace/scratch/839f8f1063a0/baseline_equivalence'
rm -rf /workspace/scratch/839f8f1063a0/baseline_equivalence/bsim
mkdir -p /workspace/scratch/839f8f1063a0/baseline_equivalence/bsim
bsc -show-schedule -show-range-conflict -aggressive-conditions -bdir /workspace/scratch/839f8f1063a0/baseline_equivalence/bsim -vdir /workspace/scratch/839f8f1063a0/baseline_equivalence/bsim -simdir /workspace/scratch/839f8f1063a0/baseline_equivalence/bsim -info-dir /workspace/scratch/839f8f1063a0/baseline_equivalence/bsim -fdir /workspace/scratch/839f8f1063a0/baseline_equivalence/bsim -D BSIM -l pthread  \
	-p +:/workspace/scratch/839f8f1063a0/work/blueyosys/lib/bsv:/workspace/scratch/839f8f1063a0/work/blueyosys/fpga/ecp5/bsv:/workspace/scratch/839f8f1063a0/work/blueyosys/boards/ulx3s/bsv:/workspace/scratch/839f8f1063a0/baseline_equivalence:/workspace/scratch/839f8f1063a0/baseline_equivalence/bsv:/workspace/scratch/839f8f1063a0/baseline_equivalence/generated:/workspace/scratch/839f8f1063a0/baseline_equivalence/sim -sim -u -g mkTbSway /workspace/scratch/839f8f1063a0/baseline_equivalence/sim/TbSway.bsv
Warning: Command line: (S0073)
  Duplicate directories were found in the path specified with the -p flag.
  Only the first occurrence will be used. The duplicates are:
    /workspace/scratch/839f8f1063a0/baseline_equivalence
  Note that when the -bdir flag is used, that directory is automatically added
  to the head of the path.
checking package dependencies
compiling /workspace/scratch/839f8f1063a0/baseline_equivalence/bsv/SwayTypes.bsv
compiling /workspace/scratch/839f8f1063a0/baseline_equivalence/generated/GeneratedTestConfig.bsv
compiling /workspace/scratch/839f8f1063a0/baseline_equivalence/generated/SwayParameters.bsv
compiling /workspace/scratch/839f8f1063a0/baseline_equivalence/bsv/SwayLinear.bsv
compiling /workspace/scratch/839f8f1063a0/baseline_equivalence/bsv/SwayNorm.bsv
compiling /workspace/scratch/839f8f1063a0/baseline_equivalence/bsv/SwayScan.bsv
compiling /workspace/scratch/839f8f1063a0/baseline_equivalence/bsv/SwayBlock.bsv
compiling /workspace/scratch/839f8f1063a0/baseline_equivalence/bsv/SwayBaseline.bsv
compiling /workspace/scratch/839f8f1063a0/baseline_equivalence/sim/TbSway.bsv
code generation for mkTbSway starts
Warning: "Prelude.bs", line 422, column 6: (G0024)
  The function unfolding steps interval has been exceeded when unfolding
  `Prelude.Ord~Prelude.Integer'. The current number of steps is 100000. Next
  warning at 200000 steps. Elaboration terminates at 1000000 steps.
  During elaboration of the body of rule `process1' at
  "/workspace/scratch/839f8f1063a0/baseline_equivalence/bsv/SwayNorm.bsv",
  line 49, column 14.
  During elaboration of `normalization' at
  "/workspace/scratch/839f8f1063a0/baseline_equivalence/bsv/SwayBlock.bsv",
  line 40, column 17.
  During elaboration of `block1' at
  "/workspace/scratch/839f8f1063a0/baseline_equivalence/bsv/SwayBaseline.bsv",
  line 23, column 18.
  During elaboration of `dut' at
  "/workspace/scratch/839f8f1063a0/baseline_equivalence/sim/TbSway.bsv", line
  16, column 17.
  During elaboration of `mkTbSway' at
  "/workspace/scratch/839f8f1063a0/baseline_equivalence/sim/TbSway.bsv", line
  9, column 8.
Warning: "Prelude.bs", line 1327, column 9: (G0024)
  The function unfolding steps interval has been exceeded when unfolding
  `Prelude.Ord~Prelude.Integer'. The current number of steps is 200000. Next
  warning at 300000 steps. Elaboration terminates at 1000000 steps.
  During elaboration of `inputR' at
  "/workspace/scratch/839f8f1063a0/baseline_equivalence/bsv/SwayLinear.bsv",
  line 27, column 35.
  During elaboration of `headHidden' at
  "/workspace/scratch/839f8f1063a0/baseline_equivalence/bsv/SwayBaseline.bsv",
  line 24, column 29.
  During elaboration of `dut' at
  "/workspace/scratch/839f8f1063a0/baseline_equivalence/sim/TbSway.bsv", line
  16, column 17.
  During elaboration of `mkTbSway' at
  "/workspace/scratch/839f8f1063a0/baseline_equivalence/sim/TbSway.bsv", line
  9, column 8.
Warning: "Prelude.bs", line 3094, column 0: (G0024)
  The function unfolding steps interval has been exceeded when unfolding
  `primFix'. The current number of steps is 300000. Next warning at 400000
  steps. Elaboration terminates at 1000000 steps.
  During elaboration of the body of rule `process6' at
  "/workspace/scratch/839f8f1063a0/baseline_equivalence/bsv/SwayBaseline.bsv",
  line 86, column 14.
  During elaboration of `dut' at
  "/workspace/scratch/839f8f1063a0/baseline_equivalence/sim/TbSway.bsv", line
  16, column 17.
  During elaboration of `mkTbSway' at
  "/workspace/scratch/839f8f1063a0/baseline_equivalence/sim/TbSway.bsv", line
  9, column 8.
Schedule dump file created: /workspace/scratch/839f8f1063a0/baseline_equivalence/bsim/mkTbSway.sched
Elaborated module file created: /workspace/scratch/839f8f1063a0/baseline_equivalence/bsim/mkTbSway.ba
All packages are up to date.
bsc -show-schedule -show-range-conflict -aggressive-conditions -bdir /workspace/scratch/839f8f1063a0/baseline_equivalence/bsim -vdir /workspace/scratch/839f8f1063a0/baseline_equivalence/bsim -simdir /workspace/scratch/839f8f1063a0/baseline_equivalence/bsim -info-dir /workspace/scratch/839f8f1063a0/baseline_equivalence/bsim -fdir /workspace/scratch/839f8f1063a0/baseline_equivalence/bsim -D BSIM -l pthread  -Xc++ -O1 \
	-sim -e mkTbSway -o /workspace/scratch/839f8f1063a0/baseline_equivalence/bsim/bsim \
	/workspace/scratch/839f8f1063a0/baseline_equivalence/bsim/*.ba 
Bluesim object created: /workspace/scratch/839f8f1063a0/baseline_equivalence/bsim/mkTbSway.{h,o}
Bluesim object created: /workspace/scratch/839f8f1063a0/baseline_equivalence/bsim/model_mkTbSway.{h,o}
Simulation shared library created: /workspace/scratch/839f8f1063a0/baseline_equivalence/bsim/bsim.so
Simulation executable created: /workspace/scratch/839f8f1063a0/baseline_equivalence/bsim/bsim
cd /workspace/scratch/839f8f1063a0/baseline_equivalence && /workspace/scratch/839f8f1063a0/baseline_equivalence/bsim/bsim 2> output.log | tee system.log
SWAY_INPUT_FRAME,0,2,363
SWAY_INPUT_FRAME,1,364,725
SWAY_INPUT_FRAME,2,726,1087
SWAY_INPUT_FRAME,3,1090,5207
SWAY_OUTPUT,0,12,11620
SWAY_STALL,0,11621,19813
SWAY_INPUT_FRAME,4,5208,11957
SWAY_INPUT_FRAME,5,11958,18709
SWAY_OUTPUT,1,13,19813
SWAY_OUTPUT,2,12,19814
SWAY_OUTPUT,3,12,19815
SWAY_OUTPUT,4,25,19816
SWAY_OUTPUT,5,34,19817
SWAY_OUTPUT,6,39,19818
SWAY_OUTPUT,7,2,19819
SWAY_OUTPUT,8,-4,19820
SWAY_OUTPUT,9,-7,19821
SWAY_OUTPUT,10,17,19823
SWAY_OUTPUT,11,19,19824
SWAY_OUTPUT,12,18,19825
SWAY_OUTPUT,13,19,19826
SWAY_OUTPUT,14,8,19827
SWAY_OUTPUT,15,3,19828
SWAY_OUTPUT,16,0,19829
SWAY_OUTPUT,17,-1,19830
SWAY_OUTPUT,18,13,19831
SWAY_OUTPUT,19,127,19832
SWAY_OUTPUT,20,127,19834
SWAY_OUTPUT,21,127,19835
SWAY_OUTPUT,22,126,19836
SWAY_OUTPUT,23,126,19837
SWAY_OUTPUT,24,125,19838
SWAY_OUTPUT,25,124,19839
SWAY_OUTPUT,26,126,19840
SWAY_OUTPUT,27,126,19841
SWAY_OUTPUT,28,122,19842
SWAY_OUTPUT,29,125,19843
SWAY_OUTPUT,30,125,19845
SWAY_OUTPUT,31,127,19846
SWAY_OUTPUT,32,122,19847
SWAY_OUTPUT,33,125,19848
SWAY_OUTPUT,34,125,19849
SWAY_OUTPUT,35,127,19850
SWAY_OUTPUT,36,122,19851
SWAY_OUTPUT,37,127,19852
SWAY_OUTPUT,38,-15,19853
SWAY_OUTPUT,39,5,19854
SWAY_OUTPUT,40,25,19856
SWAY_OUTPUT,41,33,19857
SWAY_OUTPUT,42,17,19858
SWAY_OUTPUT,43,10,19859
SWAY_OUTPUT,44,7,19860
SWAY_OUTPUT,45,16,19861
SWAY_OUTPUT,46,4,19862
SWAY_OUTPUT,47,-6,19863
SWAY_OUTPUT,48,-15,19864
SWAY_OUTPUT,49,-34,19865
SWAY_OUTPUT,50,-55,19867
SWAY_OUTPUT,51,-60,19868
SWAY_OUTPUT,52,-14,19869
SWAY_OUTPUT,53,-33,19870
SWAY_OUTPUT,54,-55,19871
SWAY_OUTPUT,55,-59,19872
SWAY_OUTPUT,56,19,19873
SWAY_FRAME,0,11620,19873
SWAY_OUTPUT,57,10,19874
SWAY_STALL,1,19875,28067
SWAY_INPUT_FRAME,6,18710,25461
SWAY_OUTPUT,58,10,28067
SWAY_OUTPUT,59,10,28068
SWAY_OUTPUT,60,10,28069
SWAY_OUTPUT,61,22,28070
SWAY_OUTPUT,62,27,28071
SWAY_OUTPUT,63,32,28073
SWAY_OUTPUT,64,-1,28074
SWAY_OUTPUT,65,-6,28075
SWAY_OUTPUT,66,-11,28076
SWAY_OUTPUT,67,15,28077
SWAY_OUTPUT,68,17,28078
SWAY_OUTPUT,69,18,28079
SWAY_OUTPUT,70,19,28080
SWAY_OUTPUT,71,6,28081
SWAY_OUTPUT,72,2,28082
SWAY_OUTPUT,73,0,28084
SWAY_OUTPUT,74,-1,28085
SWAY_OUTPUT,75,10,28086
SWAY_OUTPUT,76,127,28087
SWAY_OUTPUT,77,127,28088
SWAY_OUTPUT,78,127,28089
SWAY_OUTPUT,79,127,28090
SWAY_OUTPUT,80,127,28091
SWAY_OUTPUT,81,127,28092
SWAY_OUTPUT,82,125,28093
SWAY_OUTPUT,83,127,28095
SWAY_OUTPUT,84,127,28096
SWAY_OUTPUT,85,124,28097
SWAY_OUTPUT,86,124,28098
SWAY_OUTPUT,87,127,28099
SWAY_OUTPUT,88,127,28100
SWAY_OUTPUT,89,122,28101
SWAY_OUTPUT,90,125,28102
SWAY_OUTPUT,91,127,28103
SWAY_OUTPUT,92,127,28104
SWAY_OUTPUT,93,123,28106
SWAY_OUTPUT,94,127,28107
SWAY_OUTPUT,95,-10,28108
SWAY_OUTPUT,96,12,28109
SWAY_OUTPUT,97,32,28110
SWAY_OUTPUT,98,41,28111
SWAY_OUTPUT,99,23,28112
SWAY_OUTPUT,100,9,28113
SWAY_OUTPUT,101,-3,28114
SWAY_OUTPUT,102,22,28115
SWAY_OUTPUT,103,8,28117
SWAY_OUTPUT,104,-6,28118
SWAY_OUTPUT,105,-10,28119
SWAY_OUTPUT,106,-32,28120
SWAY_OUTPUT,107,-54,28121
SWAY_OUTPUT,108,-59,28122
SWAY_OUTPUT,109,-9,28123
SWAY_OUTPUT,110,-31,28124
SWAY_OUTPUT,111,-54,28125
SWAY_OUTPUT,112,-59,28126
SWAY_OUTPUT,113,26,28128
SWAY_FRAME,1,19874,28128
SWAY_OUTPUT,114,8,28129
SWAY_STALL,2,28130,36322
SWAY_INPUT_FRAME,7,25462,32213
SWAY_OUTPUT,115,8,36323
SWAY_OUTPUT,116,7,36324
SWAY_OUTPUT,117,7,36325
SWAY_OUTPUT,118,19,36326
SWAY_OUTPUT,119,24,36327
SWAY_OUTPUT,120,30,36328
SWAY_OUTPUT,121,-2,36329
SWAY_OUTPUT,122,-7,36330
SWAY_OUTPUT,123,-11,36331
SWAY_OUTPUT,124,12,36332
SWAY_OUTPUT,125,15,36334
SWAY_OUTPUT,126,15,36335
SWAY_OUTPUT,127,17,36336
SWAY_OUTPUT,128,4,36337
SWAY_OUTPUT,129,3,36338
SWAY_OUTPUT,130,4,36339
SWAY_OUTPUT,131,3,36340
SWAY_OUTPUT,132,8,36341
SWAY_OUTPUT,133,127,36342
SWAY_OUTPUT,134,127,36343
SWAY_OUTPUT,135,127,36345
SWAY_OUTPUT,136,127,36346
SWAY_OUTPUT,137,127,36347
SWAY_OUTPUT,138,127,36348
SWAY_OUTPUT,139,127,36349
SWAY_OUTPUT,140,127,36350
SWAY_OUTPUT,141,127,36351
SWAY_OUTPUT,142,125,36352
SWAY_OUTPUT,143,127,36353
SWAY_OUTPUT,144,127,36354
SWAY_OUTPUT,145,127,36356
SWAY_OUTPUT,146,125,36357
SWAY_OUTPUT,147,127,36358
SWAY_OUTPUT,148,127,36359
SWAY_OUTPUT,149,127,36360
SWAY_OUTPUT,150,126,36361
SWAY_OUTPUT,151,127,36362
SWAY_OUTPUT,152,-19,36363
SWAY_OUTPUT,153,2,36364
SWAY_OUTPUT,154,21,36365
SWAY_OUTPUT,155,29,36367
SWAY_OUTPUT,156,13,36368
SWAY_OUTPUT,157,1,36369
SWAY_OUTPUT,158,-10,36370
SWAY_OUTPUT,159,12,36371
SWAY_OUTPUT,160,-3,36372
SWAY_OUTPUT,161,-17,36373
SWAY_OUTPUT,162,-19,36374
SWAY_OUTPUT,163,-35,36375
SWAY_OUTPUT,164,-55,36376
SWAY_OUTPUT,165,-60,36378
SWAY_OUTPUT,166,-18,36379
SWAY_OUTPUT,167,-36,36380
SWAY_OUTPUT,168,-57,36381
SWAY_OUTPUT,169,-62,36382
SWAY_OUTPUT,170,15,36383
SWAY_FRAME,2,28129,36383
SWAY_OUTPUT,171,12,36384
SWAY_STALL,3,36385,44577
SWAY_INPUT_FRAME,8,32214,38967
SWAY_OUTPUT,172,12,44577
SWAY_OUTPUT,173,12,44578
SWAY_OUTPUT,174,12,44579
SWAY_OUTPUT,175,25,44580
SWAY_OUTPUT,176,32,44581
SWAY_OUTPUT,177,37,44582
SWAY_OUTPUT,178,1,44584
SWAY_OUTPUT,179,-9,44585
SWAY_OUTPUT,180,-14,44586
SWAY_OUTPUT,181,17,44587
SWAY_OUTPUT,182,20,44588
SWAY_OUTPUT,183,21,44589
SWAY_OUTPUT,184,23,44590
SWAY_OUTPUT,185,7,44591
SWAY_OUTPUT,186,3,44592
SWAY_OUTPUT,187,0,44593
SWAY_OUTPUT,188,-1,44595
SWAY_OUTPUT,189,12,44596
SWAY_OUTPUT,190,127,44597
SWAY_OUTPUT,191,127,44598
SWAY_OUTPUT,192,127,44599
SWAY_OUTPUT,193,127,44600
SWAY_OUTPUT,194,127,44601
SWAY_OUTPUT,195,126,44602
SWAY_OUTPUT,196,124,44603
SWAY_OUTPUT,197,127,44604
SWAY_OUTPUT,198,127,44606
SWAY_OUTPUT,199,124,44607
SWAY_OUTPUT,200,124,44608
SWAY_OUTPUT,201,126,44609
SWAY_OUTPUT,202,127,44610
SWAY_OUTPUT,203,121,44611
SWAY_OUTPUT,204,125,44612
SWAY_OUTPUT,205,127,44613
SWAY_OUTPUT,206,127,44614
SWAY_OUTPUT,207,122,44615
SWAY_OUTPUT,208,127,44617
SWAY_OUTPUT,209,-7,44618
SWAY_OUTPUT,210,15,44619
SWAY_OUTPUT,211,35,44620
SWAY_OUTPUT,212,44,44621
SWAY_OUTPUT,213,26,44622
SWAY_OUTPUT,214,17,44623
SWAY_OUTPUT,215,11,44624
SWAY_OUTPUT,216,26,44625
SWAY_OUTPUT,217,17,44626
SWAY_OUTPUT,218,11,44628
SWAY_OUTPUT,219,-7,44629
SWAY_OUTPUT,220,-30,44630
SWAY_OUTPUT,221,-53,44631
SWAY_OUTPUT,222,-59,44632
SWAY_OUTPUT,223,-6,44633
SWAY_OUTPUT,224,-30,44634
SWAY_OUTPUT,225,-54,44635
SWAY_OUTPUT,226,-58,44636
SWAY_OUTPUT,227,29,44637
SWAY_FRAME,3,36384,44637
SWAY_OUTPUT,228,13,44639
SWAY_STALL,4,44640,52832
SWAY_INPUT_FRAME,9,38968,45718
SWAY_INPUT_FRAME,10,45719,52469
SWAY_OUTPUT,229,14,52832
SWAY_OUTPUT,230,14,52834
SWAY_OUTPUT,231,14,52835
SWAY_OUTPUT,232,27,52836
SWAY_OUTPUT,233,37,52837
SWAY_OUTPUT,234,47,52838
SWAY_OUTPUT,235,3,52839
SWAY_OUTPUT,236,-11,52840
SWAY_OUTPUT,237,-26,52841
SWAY_OUTPUT,238,17,52842
SWAY_OUTPUT,239,23,52843
SWAY_OUTPUT,240,24,52845
SWAY_OUTPUT,241,26,52846
SWAY_OUTPUT,242,8,52847
SWAY_OUTPUT,243,-4,52848
SWAY_OUTPUT,244,-13,52849
SWAY_OUTPUT,245,-15,52850
SWAY_OUTPUT,246,14,52851
SWAY_OUTPUT,247,127,52852
SWAY_OUTPUT,248,127,52853
SWAY_OUTPUT,249,126,52854
SWAY_OUTPUT,250,126,52856
SWAY_OUTPUT,251,125,52857
SWAY_OUTPUT,252,124,52858
SWAY_OUTPUT,253,123,52859
SWAY_OUTPUT,254,127,52860
SWAY_OUTPUT,255,127,52861
SWAY_OUTPUT,256,126,52862
SWAY_OUTPUT,257,126,52863
SWAY_OUTPUT,258,125,52864
SWAY_OUTPUT,259,127,52865
SWAY_OUTPUT,260,124,52867
SWAY_OUTPUT,261,127,52868
SWAY_OUTPUT,262,125,52869
SWAY_OUTPUT,263,127,52870
SWAY_OUTPUT,264,123,52871
SWAY_OUTPUT,265,127,52872
SWAY_OUTPUT,266,-14,52873
SWAY_OUTPUT,267,6,52874
SWAY_OUTPUT,268,25,52875
SWAY_OUTPUT,269,33,52876
SWAY_OUTPUT,270,17,52878
SWAY_OUTPUT,271,11,52879
SWAY_OUTPUT,272,5,52880
SWAY_OUTPUT,273,18,52881
SWAY_OUTPUT,274,14,52882
SWAY_OUTPUT,275,12,52883
SWAY_OUTPUT,276,-15,52884
SWAY_OUTPUT,277,-33,52885
SWAY_OUTPUT,278,-56,52886
SWAY_OUTPUT,279,-61,52887
SWAY_OUTPUT,280,-13,52889
SWAY_OUTPUT,281,-29,52890
SWAY_OUTPUT,282,-51,52891
SWAY_OUTPUT,283,-55,52892
SWAY_OUTPUT,284,19,52893
SWAY_FRAME,4,44639,52893
SWAY_OUTPUT,285,8,52894
SWAY_STALL,5,52895,61087
SWAY_INPUT_FRAME,11,52470,59221
SWAY_OUTPUT,286,7,61087
SWAY_OUTPUT,287,6,61088
SWAY_OUTPUT,288,6,61089
SWAY_OUTPUT,289,20,61090
SWAY_OUTPUT,290,32,61091
SWAY_OUTPUT,291,40,61092
SWAY_OUTPUT,292,-5,61093
SWAY_OUTPUT,293,-16,61095
SWAY_OUTPUT,294,-21,61096
SWAY_OUTPUT,295,13,61097
SWAY_OUTPUT,296,18,61098
SWAY_OUTPUT,297,21,61099
SWAY_OUTPUT,298,23,61100
SWAY_OUTPUT,299,3,61101
SWAY_OUTPUT,300,-1,61102
SWAY_OUTPUT,301,-2,61103
SWAY_OUTPUT,302,-3,61104
SWAY_OUTPUT,303,7,61106
SWAY_OUTPUT,304,127,61107
SWAY_OUTPUT,305,127,61108
SWAY_OUTPUT,306,127,61109
SWAY_OUTPUT,307,127,61110
SWAY_OUTPUT,308,127,61111
SWAY_OUTPUT,309,127,61112
SWAY_OUTPUT,310,126,61113
SWAY_OUTPUT,311,127,61114
SWAY_OUTPUT,312,127,61115
SWAY_OUTPUT,313,124,61117
SWAY_OUTPUT,314,126,61118
SWAY_OUTPUT,315,127,61119
SWAY_OUTPUT,316,127,61120
SWAY_OUTPUT,317,122,61121
SWAY_OUTPUT,318,126,61122
SWAY_OUTPUT,319,126,61123
SWAY_OUTPUT,320,127,61124
SWAY_OUTPUT,321,123,61125
SWAY_OUTPUT,322,127,61126
SWAY_OUTPUT,323,-10,61128
SWAY_OUTPUT,324,11,61129
SWAY_OUTPUT,325,30,61130
SWAY_OUTPUT,326,39,61131
SWAY_OUTPUT,327,23,61132
SWAY_OUTPUT,328,20,61133
SWAY_OUTPUT,329,23,61134
SWAY_OUTPUT,330,22,61135
SWAY_OUTPUT,331,17,61136
SWAY_OUTPUT,332,17,61137
SWAY_OUTPUT,333,-10,61139
SWAY_OUTPUT,334,-31,61140
SWAY_OUTPUT,335,-54,61141
SWAY_OUTPUT,336,-59,61142
SWAY_OUTPUT,337,-10,61143
SWAY_OUTPUT,338,-32,61144
SWAY_OUTPUT,339,-56,61145
SWAY_OUTPUT,340,-60,61146
SWAY_OUTPUT,341,24,61147
SWAY_FRAME,5,52894,61147
SWAY_OUTPUT,342,8,61148
SWAY_STALL,6,61149,69341
SWAY_INPUT_FRAME,12,59222,65973
SWAY_OUTPUT,343,8,69341
SWAY_OUTPUT,344,7,69342
SWAY_OUTPUT,345,7,69343
SWAY_OUTPUT,346,20,69345
SWAY_OUTPUT,347,33,69346
SWAY_OUTPUT,348,47,69347
SWAY_OUTPUT,349,-4,69348
SWAY_OUTPUT,350,-19,69349
SWAY_OUTPUT,351,-33,69350
SWAY_OUTPUT,352,13,69351
SWAY_OUTPUT,353,23,69352
SWAY_OUTPUT,354,32,69353
SWAY_OUTPUT,355,35,69354
SWAY_OUTPUT,356,4,69356
SWAY_OUTPUT,357,-6,69357
SWAY_OUTPUT,358,-12,69358
SWAY_OUTPUT,359,-13,69359
SWAY_OUTPUT,360,7,69360
SWAY_OUTPUT,361,127,69361
SWAY_OUTPUT,362,127,69362
SWAY_OUTPUT,363,126,69363
SWAY_OUTPUT,364,126,69364
SWAY_OUTPUT,365,127,69365
SWAY_OUTPUT,366,127,69367
SWAY_OUTPUT,367,126,69368
SWAY_OUTPUT,368,127,69369
SWAY_OUTPUT,369,126,69370
SWAY_OUTPUT,370,124,69371
SWAY_OUTPUT,371,127,69372
SWAY_OUTPUT,372,126,69373
SWAY_OUTPUT,373,127,69374
SWAY_OUTPUT,374,122,69375
SWAY_OUTPUT,375,127,69376
SWAY_OUTPUT,376,126,69378
SWAY_OUTPUT,377,127,69379
SWAY_OUTPUT,378,124,69380
SWAY_OUTPUT,379,127,69381
SWAY_OUTPUT,380,-8,69382
SWAY_OUTPUT,381,12,69383
SWAY_OUTPUT,382,32,69384
SWAY_OUTPUT,383,41,69385
SWAY_OUTPUT,384,25,69386
SWAY_OUTPUT,385,21,69387
SWAY_OUTPUT,386,18,69389
SWAY_OUTPUT,387,24,69390
SWAY_OUTPUT,388,21,69391
SWAY_OUTPUT,389,19,69392
SWAY_OUTPUT,390,-8,69393
SWAY_OUTPUT,391,-27,69394
SWAY_OUTPUT,392,-52,69395
SWAY_OUTPUT,393,-56,69396
SWAY_OUTPUT,394,-8,69397
SWAY_OUTPUT,395,-27,69398
SWAY_OUTPUT,396,-52,69400
SWAY_OUTPUT,397,-56,69401
SWAY_OUTPUT,398,26,69402
SWAY_FRAME,6,61148,69402
SWAY_OUTPUT,399,22,69403
SWAY_STALL,7,69404,77596
SWAY_INPUT_FRAME,13,65974,72725
SWAY_OUTPUT,400,23,77596
SWAY_OUTPUT,401,24,77597
SWAY_OUTPUT,402,25,77598
SWAY_OUTPUT,403,37,77599
SWAY_OUTPUT,404,45,77600
SWAY_OUTPUT,405,50,77601
SWAY_OUTPUT,406,13,77602
SWAY_OUTPUT,407,1,77603
SWAY_OUTPUT,408,-9,77604
SWAY_OUTPUT,409,26,77606
SWAY_OUTPUT,410,28,77607
SWAY_OUTPUT,411,23,77608
SWAY_OUTPUT,412,24,77609
SWAY_OUTPUT,413,17,77610
SWAY_OUTPUT,414,8,77611
SWAY_OUTPUT,415,-2,77612
SWAY_OUTPUT,416,-3,77613
SWAY_OUTPUT,417,24,77614
SWAY_OUTPUT,418,126,77615
SWAY_OUTPUT,419,127,77617
SWAY_OUTPUT,420,125,77618
SWAY_OUTPUT,421,125,77619
SWAY_OUTPUT,422,124,77620
SWAY_OUTPUT,423,124,77621
SWAY_OUTPUT,424,123,77622
SWAY_OUTPUT,425,126,77623
SWAY_OUTPUT,426,126,77624
SWAY_OUTPUT,427,124,77625
SWAY_OUTPUT,428,124,77626
SWAY_OUTPUT,429,122,77628
SWAY_OUTPUT,430,127,77629
SWAY_OUTPUT,431,123,77630
SWAY_OUTPUT,432,125,77631
SWAY_OUTPUT,433,126,77632
SWAY_OUTPUT,434,127,77633
SWAY_OUTPUT,435,122,77634
SWAY_OUTPUT,436,126,77635
SWAY_OUTPUT,437,-16,77636
SWAY_OUTPUT,438,4,77637
SWAY_OUTPUT,439,23,77639
SWAY_OUTPUT,440,31,77640
SWAY_OUTPUT,441,15,77641
SWAY_OUTPUT,442,9,77642
SWAY_OUTPUT,443,5,77643
SWAY_OUTPUT,444,16,77644
SWAY_OUTPUT,445,12,77645
SWAY_OUTPUT,446,10,77646
SWAY_OUTPUT,447,-17,77647
SWAY_OUTPUT,448,-34,77648
SWAY_OUTPUT,449,-57,77650
SWAY_OUTPUT,450,-62,77651
SWAY_OUTPUT,451,-15,77652
SWAY_OUTPUT,452,-32,77653
SWAY_OUTPUT,453,-52,77654
SWAY_OUTPUT,454,-56,77655
SWAY_OUTPUT,455,17,77656
SWAY_FRAME,7,69403,77656
SWAY_OUTPUT,456,12,77657
SWAY_STALL,8,77658,85850
SWAY_OUTPUT,457,13,85850
SWAY_OUTPUT,458,13,85851
SWAY_OUTPUT,459,13,85852
SWAY_OUTPUT,460,26,85853
SWAY_OUTPUT,461,36,85854
SWAY_OUTPUT,462,42,85856
SWAY_OUTPUT,463,2,85857
SWAY_OUTPUT,464,-13,85858
SWAY_OUTPUT,465,-22,85859
SWAY_OUTPUT,466,17,85860
SWAY_OUTPUT,467,21,85861
SWAY_OUTPUT,468,22,85862
SWAY_OUTPUT,469,23,85863
SWAY_OUTPUT,470,8,85864
SWAY_OUTPUT,471,1,85865
SWAY_OUTPUT,472,-4,85867
SWAY_OUTPUT,473,-5,85868
SWAY_OUTPUT,474,13,85869
SWAY_OUTPUT,475,127,85870
SWAY_OUTPUT,476,127,85871
SWAY_OUTPUT,477,127,85872
SWAY_OUTPUT,478,127,85873
SWAY_OUTPUT,479,127,85874
SWAY_OUTPUT,480,127,85875
SWAY_OUTPUT,481,125,85876
SWAY_OUTPUT,482,127,85878
SWAY_OUTPUT,483,127,85879
SWAY_OUTPUT,484,126,85880
SWAY_OUTPUT,485,126,85881
SWAY_OUTPUT,486,127,85882
SWAY_OUTPUT,487,127,85883
SWAY_OUTPUT,488,124,85884
SWAY_OUTPUT,489,127,85885
SWAY_OUTPUT,490,127,85886
SWAY_OUTPUT,491,127,85887
SWAY_OUTPUT,492,123,85889
SWAY_OUTPUT,493,127,85890
SWAY_OUTPUT,494,-12,85891
SWAY_OUTPUT,495,8,85892
SWAY_OUTPUT,496,28,85893
SWAY_OUTPUT,497,36,85894
SWAY_OUTPUT,498,20,85895
SWAY_OUTPUT,499,15,85896
SWAY_OUTPUT,500,14,85897
SWAY_OUTPUT,501,20,85898
SWAY_OUTPUT,502,19,85900
SWAY_OUTPUT,503,22,85901
SWAY_OUTPUT,504,-13,85902
SWAY_OUTPUT,505,-32,85903
SWAY_OUTPUT,506,-55,85904
SWAY_OUTPUT,507,-61,85905
SWAY_OUTPUT,508,-12,85906
SWAY_OUTPUT,509,-31,85907
SWAY_OUTPUT,510,-54,85908
SWAY_OUTPUT,511,-58,85909
SWAY_OUTPUT,512,22,85911
SWAY_FRAME,8,77657,85911
SWAY_OUTPUT,513,21,85912
SWAY_STALL,9,85913,94105
SWAY_OUTPUT,514,20,94106
SWAY_OUTPUT,515,19,94107
SWAY_OUTPUT,516,22,94108
SWAY_OUTPUT,517,38,94109
SWAY_OUTPUT,518,40,94110
SWAY_OUTPUT,519,23,94111
SWAY_OUTPUT,520,12,94112
SWAY_OUTPUT,521,1,94113
SWAY_OUTPUT,522,11,94114
SWAY_OUTPUT,523,26,94115
SWAY_OUTPUT,524,0,94117
SWAY_OUTPUT,525,-36,94118
SWAY_OUTPUT,526,-45,94119
SWAY_OUTPUT,527,15,94120
SWAY_OUTPUT,528,26,94121
SWAY_OUTPUT,529,13,94122
SWAY_OUTPUT,530,14,94123
SWAY_OUTPUT,531,20,94124
SWAY_OUTPUT,532,61,94125
SWAY_OUTPUT,533,73,94126
SWAY_OUTPUT,534,84,94128
SWAY_OUTPUT,535,81,94129
SWAY_OUTPUT,536,83,94130
SWAY_OUTPUT,537,87,94131
SWAY_OUTPUT,538,99,94132
SWAY_OUTPUT,539,78,94133
SWAY_OUTPUT,540,72,94134
SWAY_OUTPUT,541,78,94135
SWAY_OUTPUT,542,59,94136
SWAY_OUTPUT,543,66,94137
SWAY_OUTPUT,544,77,94139
SWAY_OUTPUT,545,60,94140
SWAY_OUTPUT,546,59,94141
SWAY_OUTPUT,547,57,94142
SWAY_OUTPUT,548,48,94143
SWAY_OUTPUT,549,23,94144
SWAY_OUTPUT,550,81,94145
SWAY_OUTPUT,551,-36,94146
SWAY_OUTPUT,552,-17,94147
SWAY_OUTPUT,553,1,94148
SWAY_OUTPUT,554,6,94150
SWAY_OUTPUT,555,-4,94151
SWAY_OUTPUT,556,-14,94152
SWAY_OUTPUT,557,-12,94153
SWAY_OUTPUT,558,-10,94154
SWAY_OUTPUT,559,8,94155
SWAY_OUTPUT,560,16,94156
SWAY_OUTPUT,561,-35,94157
SWAY_OUTPUT,562,-46,94158
SWAY_OUTPUT,563,-27,94159
SWAY_OUTPUT,564,-22,94161
SWAY_OUTPUT,565,-34,94162
SWAY_OUTPUT,566,-42,94163
SWAY_OUTPUT,567,-43,94164
SWAY_OUTPUT,568,-37,94165
SWAY_OUTPUT,569,-5,94166
SWAY_FRAME,9,85912,94166
SWAY_OUTPUT,570,32,94167
SWAY_STALL,10,94168,102360
SWAY_OUTPUT,571,30,102360
SWAY_OUTPUT,572,26,102361
SWAY_OUTPUT,573,24,102362
SWAY_OUTPUT,574,42,102363
SWAY_OUTPUT,575,62,102364
SWAY_OUTPUT,576,4,102365
SWAY_OUTPUT,577,15,102367
SWAY_OUTPUT,578,14,102368
SWAY_OUTPUT,579,63,102369
SWAY_OUTPUT,580,36,102370
SWAY_OUTPUT,581,45,102371
SWAY_OUTPUT,582,47,102372
SWAY_OUTPUT,583,46,102373
SWAY_OUTPUT,584,27,102374
SWAY_OUTPUT,585,21,102375
SWAY_OUTPUT,586,17,102376
SWAY_OUTPUT,587,15,102378
SWAY_OUTPUT,588,27,102379
SWAY_OUTPUT,589,79,102380
SWAY_OUTPUT,590,86,102381
SWAY_OUTPUT,591,91,102382
SWAY_OUTPUT,592,92,102383
SWAY_OUTPUT,593,92,102384
SWAY_OUTPUT,594,86,102385
SWAY_OUTPUT,595,84,102386
SWAY_OUTPUT,596,95,102387
SWAY_OUTPUT,597,94,102389
SWAY_OUTPUT,598,115,102390
SWAY_OUTPUT,599,74,102391
SWAY_OUTPUT,600,58,102392
SWAY_OUTPUT,601,54,102393
SWAY_OUTPUT,602,35,102394
SWAY_OUTPUT,603,77,102395
SWAY_OUTPUT,604,85,102396
SWAY_OUTPUT,605,84,102397
SWAY_OUTPUT,606,88,102398
SWAY_OUTPUT,607,89,102400
SWAY_OUTPUT,608,4,102401
SWAY_OUTPUT,609,25,102402
SWAY_OUTPUT,610,45,102403
SWAY_OUTPUT,611,55,102404
SWAY_OUTPUT,612,41,102405
SWAY_OUTPUT,613,53,102406
SWAY_OUTPUT,614,95,102407
SWAY_OUTPUT,615,32,102408
SWAY_OUTPUT,616,41,102409
SWAY_OUTPUT,617,48,102411
SWAY_OUTPUT,618,5,102412
SWAY_OUTPUT,619,-24,102413
SWAY_OUTPUT,620,-36,102414
SWAY_OUTPUT,621,-36,102415
SWAY_OUTPUT,622,4,102416
SWAY_OUTPUT,623,-31,102417
SWAY_OUTPUT,624,-40,102418
SWAY_OUTPUT,625,-57,102419
SWAY_OUTPUT,626,39,102420
SWAY_FRAME,10,94167,102420
SWAY_OUTPUT,627,13,102422
SWAY_STALL,11,102423,110615
SWAY_OUTPUT,628,17,110615
SWAY_OUTPUT,629,22,110617
SWAY_OUTPUT,630,16,110618
SWAY_OUTPUT,631,28,110619
SWAY_OUTPUT,632,34,110620
SWAY_OUTPUT,633,33,110621
SWAY_OUTPUT,634,15,110622
SWAY_OUTPUT,635,26,110623
SWAY_OUTPUT,636,20,110624
SWAY_OUTPUT,637,16,110625
SWAY_OUTPUT,638,2,110626
SWAY_OUTPUT,639,-4,110628
SWAY_OUTPUT,640,-13,110629
SWAY_OUTPUT,641,10,110630
SWAY_OUTPUT,642,8,110631
SWAY_OUTPUT,643,-17,110632
SWAY_OUTPUT,644,-24,110633
SWAY_OUTPUT,645,21,110634
SWAY_OUTPUT,646,108,110635
SWAY_OUTPUT,647,124,110636
SWAY_OUTPUT,648,127,110637
SWAY_OUTPUT,649,127,110639
SWAY_OUTPUT,650,119,110640
SWAY_OUTPUT,651,94,110641
SWAY_OUTPUT,652,97,110642
SWAY_OUTPUT,653,127,110643
SWAY_OUTPUT,654,127,110644
SWAY_OUTPUT,655,127,110645
SWAY_OUTPUT,656,98,110646
SWAY_OUTPUT,657,127,110647
SWAY_OUTPUT,658,127,110648
SWAY_OUTPUT,659,127,110650
SWAY_OUTPUT,660,111,110651
SWAY_OUTPUT,661,116,110652
SWAY_OUTPUT,662,85,110653
SWAY_OUTPUT,663,66,110654
SWAY_OUTPUT,664,127,110655
SWAY_OUTPUT,665,-1,110656
SWAY_OUTPUT,666,25,110657
SWAY_OUTPUT,667,50,110658
SWAY_OUTPUT,668,57,110659
SWAY_OUTPUT,669,34,110661
SWAY_OUTPUT,670,35,110662
SWAY_OUTPUT,671,59,110663
SWAY_OUTPUT,672,35,110664
SWAY_OUTPUT,673,26,110665
SWAY_OUTPUT,674,25,110666
SWAY_OUTPUT,675,-2,110667
SWAY_OUTPUT,676,-36,110668
SWAY_OUTPUT,677,-43,110669
SWAY_OUTPUT,678,-48,110670
SWAY_OUTPUT,679,1,110672
SWAY_OUTPUT,680,-27,110673
SWAY_OUTPUT,681,-39,110674
SWAY_OUTPUT,682,-40,110675
SWAY_OUTPUT,683,42,110676
SWAY_FRAME,11,102422,110676
SWAY_OUTPUT,684,12,110677
SWAY_STALL,12,110678,118870
SWAY_OUTPUT,685,13,118870
SWAY_OUTPUT,686,12,118871
SWAY_OUTPUT,687,12,118872
SWAY_OUTPUT,688,25,118873
SWAY_OUTPUT,689,34,118874
SWAY_OUTPUT,690,39,118875
SWAY_OUTPUT,691,2,118876
SWAY_OUTPUT,692,-4,118878
SWAY_OUTPUT,693,-7,118879
SWAY_OUTPUT,694,17,118880
SWAY_OUTPUT,695,19,118881
SWAY_OUTPUT,696,18,118882
SWAY_OUTPUT,697,19,118883
SWAY_OUTPUT,698,8,118884
SWAY_OUTPUT,699,3,118885
SWAY_OUTPUT,700,0,118886
SWAY_OUTPUT,701,-1,118887
SWAY_OUTPUT,702,13,118889
SWAY_OUTPUT,703,127,118890
SWAY_OUTPUT,704,127,118891
SWAY_OUTPUT,705,127,118892
SWAY_OUTPUT,706,126,118893
SWAY_OUTPUT,707,126,118894
SWAY_OUTPUT,708,125,118895
SWAY_OUTPUT,709,124,118896
SWAY_OUTPUT,710,126,118897
SWAY_OUTPUT,711,126,118898
SWAY_OUTPUT,712,122,118900
SWAY_OUTPUT,713,125,118901
SWAY_OUTPUT,714,125,118902
SWAY_OUTPUT,715,127,118903
SWAY_OUTPUT,716,122,118904
SWAY_OUTPUT,717,125,118905
SWAY_OUTPUT,718,125,118906
SWAY_OUTPUT,719,127,118907
SWAY_OUTPUT,720,122,118908
SWAY_OUTPUT,721,127,118909
SWAY_OUTPUT,722,-15,118911
SWAY_OUTPUT,723,5,118912
SWAY_OUTPUT,724,25,118913
SWAY_OUTPUT,725,33,118914
SWAY_OUTPUT,726,17,118915
SWAY_OUTPUT,727,10,118916
SWAY_OUTPUT,728,7,118917
SWAY_OUTPUT,729,16,118918
SWAY_OUTPUT,730,4,118919
SWAY_OUTPUT,731,-6,118920
SWAY_OUTPUT,732,-15,118922
SWAY_OUTPUT,733,-34,118923
SWAY_OUTPUT,734,-55,118924
SWAY_OUTPUT,735,-60,118925
SWAY_OUTPUT,736,-14,118926
SWAY_OUTPUT,737,-33,118927
SWAY_OUTPUT,738,-55,118928
SWAY_OUTPUT,739,-59,118929
SWAY_OUTPUT,740,19,118930
SWAY_FRAME,12,110677,118930
SWAY_OUTPUT,741,12,118931
SWAY_STALL,13,118932,127124
SWAY_OUTPUT,742,13,127124
SWAY_OUTPUT,743,12,127125
SWAY_OUTPUT,744,12,127126
SWAY_OUTPUT,745,25,127128
SWAY_OUTPUT,746,34,127129
SWAY_OUTPUT,747,39,127130
SWAY_OUTPUT,748,2,127131
SWAY_OUTPUT,749,-4,127132
SWAY_OUTPUT,750,-7,127133
SWAY_OUTPUT,751,17,127134
SWAY_OUTPUT,752,19,127135
SWAY_OUTPUT,753,18,127136
SWAY_OUTPUT,754,19,127137
SWAY_OUTPUT,755,8,127139
SWAY_OUTPUT,756,3,127140
SWAY_OUTPUT,757,0,127141
SWAY_OUTPUT,758,-1,127142
SWAY_OUTPUT,759,13,127143
SWAY_OUTPUT,760,127,127144
SWAY_OUTPUT,761,127,127145
SWAY_OUTPUT,762,127,127146
SWAY_OUTPUT,763,126,127147
SWAY_OUTPUT,764,126,127148
SWAY_OUTPUT,765,125,127150
SWAY_OUTPUT,766,124,127151
SWAY_OUTPUT,767,126,127152
SWAY_OUTPUT,768,126,127153
SWAY_OUTPUT,769,122,127154
SWAY_OUTPUT,770,125,127155
SWAY_OUTPUT,771,125,127156
SWAY_OUTPUT,772,127,127157
SWAY_OUTPUT,773,122,127158
SWAY_OUTPUT,774,125,127159
SWAY_OUTPUT,775,125,127161
SWAY_OUTPUT,776,127,127162
SWAY_OUTPUT,777,122,127163
SWAY_OUTPUT,778,127,127164
SWAY_OUTPUT,779,-15,127165
SWAY_OUTPUT,780,5,127166
SWAY_OUTPUT,781,25,127167
SWAY_OUTPUT,782,33,127168
SWAY_OUTPUT,783,17,127169
SWAY_OUTPUT,784,10,127170
SWAY_OUTPUT,785,7,127172
SWAY_OUTPUT,786,16,127173
SWAY_OUTPUT,787,4,127174
SWAY_OUTPUT,788,-6,127175
SWAY_OUTPUT,789,-15,127176
SWAY_OUTPUT,790,-34,127177
SWAY_OUTPUT,791,-55,127178
SWAY_OUTPUT,792,-60,127179
SWAY_OUTPUT,793,-14,127180
SWAY_OUTPUT,794,-33,127181
SWAY_OUTPUT,795,-55,127183
SWAY_OUTPUT,796,-59,127184
SWAY_OUTPUT,797,19,127185
SWAY_FRAME,13,118931,127185
SWAY_PASS frames=14 outputs=798 cycles=129234 drain_cycles=2048
cd /workspace/scratch/839f8f1063a0/baseline_equivalence && :
make: Leaving directory '/workspace/scratch/839f8f1063a0/baseline_equivalence'
