make: Entering directory '/workspace/scratch/839f8f1063a0/work/blueyosys/projects/sway_observation'
Info: constraining clock net 'CLK_clk_25mhz' to 25.00 MHz
Warning: net 'pll_clk_100mhz' does not exist in design, ignoring clock constraint
Warning: net 'pll_clk_125mhz' does not exist in design, ignoring clock constraint

Info: Logic utilisation before packing:
Info:     Total LUT4s:     139545/83640   166%
Info:         logic LUTs:  68227/83640    81%
Info:         carry LUTs:  69806/83640    83%
Info:           RAM LUTs:   1008/10455     9%
Info:          RAMW LUTs:    504/20910     2%

Info:      Total DFFs:     50644/83640    60%

Info: Packing IOs..
Info: pin 'led[7]$tr_io' constrained to Bel 'X0/Y41/PIOD'.
Info: pin 'led[6]$tr_io' constrained to Bel 'X0/Y38/PIOD'.
Info: pin 'led[5]$tr_io' constrained to Bel 'X0/Y44/PIOD'.
Info: pin 'led[4]$tr_io' constrained to Bel 'X0/Y38/PIOB'.
Info: pin 'led[3]$tr_io' constrained to Bel 'X0/Y38/PIOC'.
Info: pin 'led[2]$tr_io' constrained to Bel 'X0/Y38/PIOA'.
Info: pin 'led[1]$tr_io' constrained to Bel 'X0/Y35/PIOD'.
Info: pin 'led[0]$tr_io' constrained to Bel 'X0/Y35/PIOC'.
Info: pin 'ftdi_txd$tr_io' constrained to Bel 'X0/Y89/PIOB'.
Info: pin 'ftdi_rxd$tr_io' constrained to Bel 'X0/Y56/PIOC'.
Info: pin 'CLK_clk_25mhz$tr_io' constrained to Bel 'X0/Y47/PIOA'.
Info: placed PLL 'clocks_pll.pll_i' at bel 'X1/Y4/EHXPLL_UL'
Info: Packing constants..
Info: Packing carries...
Info: Packing LUTs...
Info: Packing LUT5-7s...
Info: Packing FFs...
Info:     16282 FFs paired with LUTs.
Info: Generating derived timing constraints...
Info:     Input frequency of PLL 'clocks_pll.pll_i' is constrained to 25.0 MHz
Info:     Derived frequency constraint of 125.0 MHz for net clocks_pll.clk_125mhz
Info:     Derived frequency constraint of 100.0 MHz for net clocks_pll_clk_100mhz
Info:     Derived frequency constraint of 25.0 MHz for net clocks_pll.clk_25mhz
Info: Promoting globals...
Info:     promoting clock net clocks_pll_clk_100mhz to global network
Info:     promoting clock net CLK_clk_25mhz$TRELLIS_IO_IN to global network
Info: Checksum: 0xc13380e9

Info: Device utilisation:
Info: 	          TRELLIS_IO:      11/    365     3%
Info: 	                DCCA:       2/     56     3%
Info: 	              DP16KD:       4/    208     1%
Info: 	          MULT18X18D:     141/    156    90%
Info: 	              ALU54B:       0/     78     0%
Info: 	             EHXPLLL:       1/      4    25%
Info: 	             EXTREFB:       0/      2     0%
Info: 	                DCUA:       0/      2     0%
Info: 	           PCSCLKDIV:       0/      2     0%
Info: 	             IOLOGIC:       0/    224     0%
Info: 	            SIOLOGIC:       0/    141     0%
Info: 	                 GSR:       0/      1     0%
Info: 	               JTAGG:       0/      1     0%
Info: 	                OSCG:       0/      1     0%
Info: 	               SEDGA:       0/      1     0%
Info: 	                 DTR:       0/      1     0%
Info: 	             USRMCLK:       0/      1     0%
Info: 	             CLKDIVF:       0/      4     0%
Info: 	           ECLKSYNCB:       0/     10     0%
Info: 	             DLLDELD:       0/      8     0%
Info: 	              DDRDLL:       0/      4     0%
Info: 	             DQSBUFM:       0/     14     0%
Info: 	     TRELLIS_ECLKBUF:       0/      8     0%
Info: 	        ECLKBRIDGECS:       0/      2     0%
Info: 	                DCSC:       0/      2     0%
Info: 	          TRELLIS_FF:   50644/  83640    60%
Info: 	        TRELLIS_COMB:  145239/  83640   173%
Info: 	        TRELLIS_RAMW:     252/  10455     2%

Info: Placed 12 cells based on constraints.
Info: Creating initial analytic placement for 93215 cells, random placement wirelen = 9362433.
Info:     at initial placer iter 0, wirelen = 47730
Info:     at initial placer iter 1, wirelen = 38522
Info:     at initial placer iter 2, wirelen = 38475
Info:     at initial placer iter 3, wirelen = 38529
Info: Running main analytical placer, max placement attempts per cell = 10000.
ERROR: Unable to find legal placement for cell '$nextpnr_CCU2C_2440$CCU2_COMB0' of type 'TRELLIS_COMB' after 10001 attempts, check constraints and utilisation. Use `--placer-heap-cell-placement-timeout` to change the number of attempts.
2 warnings, 1 error
Utilization report: /workspace/scratch/839f8f1063a0/work/blueyosys/projects/sway_observation/build/mkTop.utilization.rpt
make: *** [/workspace/scratch/839f8f1063a0/work/blueyosys/build.mk:170: pnr] Error 125
make: Leaving directory '/workspace/scratch/839f8f1063a0/work/blueyosys/projects/sway_observation'
